[2026-09-19T15:30:40Z INFO  sage] generated 23871489 fragments, 956027 peptides in 1104ms
[2026-09-19T15:30:40Z INFO  sage] processing files 0 .. 1 
[2026-09-19T15:30:49Z INFO  sage] - file IO:     8594 ms
[2026-09-19T15:30:53Z INFO  sage] - search:      3576 ms (11806 spectra/s)
[2026-09-19T15:30:53Z INFO  sage] processing files 1 .. 2 
[2026-09-19T15:31:00Z INFO  sage] - file IO:     7608 ms
[2026-09-19T15:31:05Z INFO  sage] - search:      4686 ms (8948 spectra/s)
[2026-09-19T15:31:05Z INFO  sage] processing files 2 .. 3 
[2026-09-19T15:31:14Z INFO  sage] - file IO:     9138 ms
[2026-09-19T15:31:20Z INFO  sage] - search:      5805 ms (7275 spectra/s)
[2026-09-19T15:31:20Z INFO  sage] processing files 3 .. 4 
[2026-09-19T15:31:29Z INFO  sage] - file IO:     8869 ms
[2026-09-19T15:31:35Z INFO  sage] - search:      5672 ms (7231 spectra/s)
[2026-09-19T15:31:35Z INFO  sage] processing files 4 .. 5 
[2026-09-19T15:31:42Z INFO  sage] - file IO:     7811 ms
[2026-09-19T15:31:46Z INFO  sage] - search:      3420 ms (12244 spectra/s)
[2026-09-19T15:31:46Z INFO  sage] processing files 5 .. 6 
[2026-09-19T15:31:54Z INFO  sage] - file IO:     8172 ms
[2026-09-19T15:31:59Z INFO  sage] - search:      4610 ms (8962 spectra/s)
[2026-09-19T15:32:00Z INFO  sage] discovered 57723 target peptide-spectrum matches at 1% FDR
[2026-09-19T15:32:00Z INFO  sage] discovered 6847 target peptides at 1% FDR
[2026-09-19T15:32:00Z INFO  sage] discovered 1197 target proteins at 1% FDR
{
  "version": "0.14.6",
  "database": {
    "bucket_size": 8192,
    "enzyme": {
      "missed_cleavages": 2,
      "min_len": 7,
      "max_len": 50,
      "cleave_at": "KR",
      "restrict": "P",
      "c_terminal": true,
      "semi_enzymatic": false
    },
    "fragment_min_mz": 150.0,
    "fragment_max_mz": 2000.0,
    "peptide_min_mass": 500.0,
    "peptide_max_mass": 5000.0,
    "ion_kinds": [
      "b",
      "y"
    ],
    "min_ion_index": 2,
    "static_mods": {
      "C": 57.02146
    },
    "variable_mods": {
      "M": [
        15.99491
      ],
      "[": [
        42.01057
      ]
    },
    "max_variable_mods": 2,
    "decoy_tag": "rev_",
    "generate_decoys": true,
    "fasta": "/home/qasim/file/sage_lfq_proteomics_pipeline/data/fasta/target_plus_entrapment.fasta"
  },
  "quant": {
    "tmt": null,
    "tmt_settings": {
      "level": 3,
      "sn": false
    },
    "lfq": false,
    "lfq_settings": {
      "peak_scoring": "Hybrid",
      "integration": "Sum",
      "spectral_angle": 0.7,
      "ppm_tolerance": 5.0,
      "combine_charge_states": true
    }
  },
  "precursor_tol": {
    "ppm": [
      -20.0,
      20.0
    ]
  },
  "fragment_tol": {
    "ppm": [
      -20.0,
      20.0
    ]
  },
  "precursor_charge": [
    2,
    4
  ],
  "isotope_errors": [
    -1,
    3
  ],
  "deisotope": true,
  "chimera": false,
  "wide_window": false,
  "min_peaks": 15,
  "max_peaks": 150,
  "max_fragment_charge": 2,
  "min_matched_peaks": 4,
  "report_psms": 1,
  "predict_rt": false,
  "mzml_paths": [
    "/home/qasim/file/sage_lfq_proteomics_pipeline/data/mzml/20141119_AlCH_1WT_20_2h_n3_1_1200.mzML.gz",
    "/home/qasim/file/sage_lfq_proteomics_pipeline/data/mzml/20141119_AlCH_1WT_20_2h_n4_1_1212.mzML.gz",
    "/home/qasim/file/sage_lfq_proteomics_pipeline/data/mzml/20141119_AlCH_1WT_20_2h_n5_1_1224.mzML.gz",
    "/home/qasim/file/sage_lfq_proteomics_pipeline/data/mzml/20141119_AlCH_3D8_20_2h_n3_1_1206.mzML.gz",
    "/home/qasim/file/sage_lfq_proteomics_pipeline/data/mzml/20141119_AlCH_3D8_20_2h_n4_1_1218.mzML.gz",
    "/home/qasim/file/sage_lfq_proteomics_pipeline/data/mzml/20141119_AlCH_3D8_20_2h_n5_1_1230.mzML.gz"
  ],
  "output_paths": [
    "/home/qasim/file/sage_lfq_proteomics_pipeline/results/sage_entrapment/results.sage.tsv",
    "/home/qasim/file/sage_lfq_proteomics_pipeline/results/sage_entrapment/results.json"
  ]
}
[2026-09-19T15:32:01Z INFO  sage] finished in 81s
[2026-09-19T15:32:01Z INFO  sage] cite: "Sage: An Open-Source Tool for Fast Proteomics Searching and Quantification at Scale" https://doi.org/10.1021/acs.jproteome.3c00486
