differential.R: 10693 peptide rows, 6 runs
differential.R: 32686 zero intensities recoded as NA (50.9 percent of cells)
differential.R: 19 decoy, 184 contaminant, 0 entrapment peptides removed
differential.R: 29 peptides from non-minimal protein groups removed
differential.R: 4126 peptides seen in fewer than 2 cultures removed; 6335 remain
differential.R: median-of-ratios offsets range -0.317 to 0.324
Your quantitative data contain missing values. Please read the relevant
section(s) in the aggregateFeatures manual page regarding the effects
of missing values on data aggregation.
Aggregated: 1/1
There were 50 or more warnings (use warnings() to see the first 50)
differential.R: 1106 protein groups after robustSummary
differential.R: contrast: genotypeargP_KO = 0
differential.R: runs per culture: argP_KO_n3=1, argP_KO_n4=1, argP_KO_n5=1, WT_n3=1, WT_n4=1, WT_n5=1
differential.R: every culture contributes one run, so (1 | culture) is not identifiable.
differential.R: fitting ~ genotype only. Here that is the correct model, not the naive one.
There were 50 or more warnings (use warnings() to see the first 50)
differential.R: naive: 1106 proteins, 120 fitError, 3 significant at 5 percent FDR
                    metric   value
1          proteins_tested 1106.00
2    sig_single_model_5pct    3.00
3    fitError_single_model  120.00
4   median_df_single_model    6.42
5 mixed_model_identifiable    0.00
differential.R: done
